[     498ms] [WARNING] cdn.tailwindcss.com should not be used in production. To use Tailwind CSS in production, install it as a PostCSS plugin or use the Tailwind CLI: https://tailwindcss.com/docs/installation @ https://cdn.tailwindcss.com/:63
[     613ms] [WARNING] You are using the in-browser Babel transformer. Be sure to precompile your scripts for production - https://babeljs.io/docs/setup/ @ https://cdnjs.cloudflare.com/ajax/libs/babel-standalone/7.23.9/babel.min.js:0
[     746ms] Uncaught SyntaxError: /http:/127.0.0.1:7777/static/video_panel.jsx: Unexpected token (1526:4)

  1524 |       </div>
  1525 |     </div>
> 1526 |   );
       |     ^
    at e (https://cdnjs.cloudflare.com/ajax/libs/babel-standalone/7.23.9/babel.min.js:0:427845)
    at <anonymous> (https://cdnjs.cloudflare.com/ajax/libs/babel-standalone/7.23.9/babel.min.js:0:465819)
    at <anonymous> (https://cdnjs.cloudflare.com/ajax/libs/babel-standalone/7.23.9/babel.min.js:0:466258)
    at <anonymous> (https://cdnjs.cloudflare.com/ajax/libs/babel-standalone/7.23.9/babel.min.js:0:642021)
    at <anonymous> (https://cdnjs.cloudflare.com/ajax/libs/babel-standalone/7.23.9/babel.min.js:0:518254)
    at <anonymous> (https://cdnjs.cloudflare.com/ajax/libs/babel-standalone/7.23.9/babel.min.js:0:634352)
    at <anonymous> (https://cdnjs.cloudflare.com/ajax/libs/babel-standalone/7.23.9/babel.min.js:0:633967)
    at <anonymous> (https://cdnjs.cloudflare.com/ajax/libs/babel-standalone/7.23.9/babel.min.js:0:633589)
    at <anonymous> (https://cdnjs.cloudflare.com/ajax/libs/babel-standalone/7.23.9/babel.min.js:0:630436)
    at <anonymous> (https://cdnjs.cloudflare.com/ajax/libs/babel-standalone/7.23.9/babel.min.js:0:630546)
    at <anonymous> (https://cdnjs.cloudflare.com/ajax/libs/babel-standalone/7.23.9/babel.min.js:0:630016)
    at <anonymous> (https://cdnjs.cloudflare.com/ajax/libs/babel-standalone/7.23.9/babel.min.js:0:629263)
    at <anonymous> (https://cdnjs.cloudflare.com/ajax/libs/babel-standalone/7.23.9/babel.min.js:0:557614)
    at <anonymous> (https://cdnjs.cloudflare.com/ajax/libs/babel-standalone/7.23.9/babel.min.js:0:628356)
    at <anonymous> (https://cdnjs.cloudflare.com/ajax/libs/babel-standalone/7.23.9/babel.min.js:0:628262)
    at <anonymous> (https://cdnjs.cloudflare.com/ajax/libs/babel-standalone/7.23.9/babel.min.js:0:661764)
    at <anonymous> (https://cdnjs.cloudflare.com/ajax/libs/babel-standalone/7.23.9/babel.min.js:0:628230)
    at <anonymous> (https://cdnjs.cloudflare.com/ajax/libs/babel-standalone/7.23.9/babel.min.js:0:669967)
    at <anonymous> (https://cdnjs.cloudflare.com/ajax/libs/babel-standalone/7.23.9/babel.min.js:0:667170)
    at <anonymous> (https://cdnjs.cloudflare.com/ajax/libs/babel-standalone/7.23.9/babel.min.js:0:542988)
    at <anonymous> (https://cdnjs.cloudflare.com/ajax/libs/babel-standalone/7.23.9/babel.min.js:0:666746)
    at <anonymous> (https://cdnjs.cloudflare.com/ajax/libs/babel-standalone/7.23.9/babel.min.js:0:679455)
    at <anonymous> (https://cdnjs.cloudflare.com/ajax/libs/babel-standalone/7.23.9/babel.min.js:0:679265)
    at <anonymous> (https://cdnjs.cloudflare.com/ajax/libs/babel-standalone/7.23.9/babel.min.js:0:678963)
    at <anonymous> (https://cdnjs.cloudflare.com/ajax/libs/babel-standalone/7.23.9/babel.min.js:0:655959)
    at <anonymous> (https://cdnjs.cloudflare.com/ajax/libs/babel-standalone/7.23.9/babel.min.js:0:542295)
    at <anonymous> (https://cdnjs.cloudflare.com/ajax/libs/babel-standalone/7.23.9/babel.min.js:0:655587)
    at <anonymous> (https://cdnjs.cloudflare.com/ajax/libs/babel-standalone/7.23.9/babel.min.js:0:542622)
    at <anonymous> (https://cdnjs.cloudflare.com/ajax/libs/babel-standalone/7.23.9/babel.min.js:0:682228)
    at <anonymous> (https://cdnjs.cloudflare.com/ajax/libs/babel-standalone/7.23.9/babel.min.js:0:661354)
    at <anonymous> (https://cdnjs.cloudflare.com/ajax/libs/babel-standalone/7.23.9/babel.min.js:0:682179)
    at <anonymous> (https://cdnjs.cloudflare.com/ajax/libs/babel-standalone/7.23.9/babel.min.js:0:674944)
    at <anonymous> (https://cdnjs.cloudflare.com/ajax/libs/babel-standalone/7.23.9/babel.min.js:0:667748)
    at <anonymous> (https://cdnjs.cloudflare.com/ajax/libs/babel-standalone/7.23.9/babel.min.js:0:667170)
    at <anonymous> (https://cdnjs.cloudflare.com/ajax/libs/babel-standalone/7.23.9/babel.min.js:0:542988)
    at <anonymous> (https://cdnjs.cloudflare.com/ajax/libs/babel-standalone/7.23.9/babel.min.js:0:666665)
    at <anonymous> (https://cdnjs.cloudflare.com/ajax/libs/babel-standalone/7.23.9/babel.min.js:0:679432)
    at <anonymous> (https://cdnjs.cloudflare.com/ajax/libs/babel-standalone/7.23.9/babel.min.js:0:679265)
    at <anonymous> (https://cdnjs.cloudflare.com/ajax/libs/babel-standalone/7.23.9/babel.min.js:0:664648)
    at <anonymous> (https://cdnjs.cloudflare.com/ajax/libs/babel-standalone/7.23.9/babel.min.js:0:663371)
    at <anonymous> (https://cdnjs.cloudflare.com/ajax/libs/babel-standalone/7.23.9/babel.min.js:0:561434)
    at <anonymous> (https://cdnjs.cloudflare.com/ajax/libs/babel-standalone/7.23.9/babel.min.js:0:704057)
    at hE (https://cdnjs.cloudflare.com/ajax/libs/babel-standalone/7.23.9/babel.min.js:0:704248)
    at <anonymous> (https://cdnjs.cloudflare.com/ajax/libs/babel-standalone/7.23.9/babel.min.js:0:1130766)
    at p (https://cdnjs.cloudflare.com/ajax/libs/babel-standalone/7.23.9/babel.min.js:0:2215)
    at <anonymous> (https://cdnjs.cloudflare.com/ajax/libs/babel-standalone/7.23.9/babel.min.js:0:3565)
    at <anonymous> (https://cdnjs.cloudflare.com/ajax/libs/babel-standalone/7.23.9/babel.min.js:0:2644)
    at p (https://cdnjs.cloudflare.com/ajax/libs/babel-standalone/7.23.9/babel.min.js:0:2215)
    at A (https://cdnjs.cloudflare.com/ajax/libs/babel-standalone/7.23.9/babel.min.js:0:3995)
    at <anonymous> (https://cdnjs.cloudflare.com/ajax/libs/babel-standalone/7.23.9/babel.min.js:0:3342)
    at <anonymous> (https://cdnjs.cloudflare.com/ajax/libs/babel-standalone/7.23.9/babel.min.js:0:2644)
    at p (https://cdnjs.cloudflare.com/ajax/libs/babel-standalone/7.23.9/babel.min.js:0:2215)
    at A (https://cdnjs.cloudflare.com/ajax/libs/babel-standalone/7.23.9/babel.min.js:0:3995)
    at <anonymous> (https://cdnjs.cloudflare.com/ajax/libs/babel-standalone/7.23.9/babel.min.js:0:3342)
    at <anonymous> (https://cdnjs.cloudflare.com/ajax/libs/babel-standalone/7.23.9/babel.min.js:0:2644)
    at p (https://cdnjs.cloudflare.com/ajax/libs/babel-standalone/7.23.9/babel.min.js:0:2215)
    at A (https://cdnjs.cloudflare.com/ajax/libs/babel-standalone/7.23.9/babel.min.js:0:3995)
    at <anonymous> (https://cdnjs.cloudflare.com/ajax/libs/babel-standalone/7.23.9/babel.min.js:0:3342)
    at <anonymous> (https://cdnjs.cloudflare.com/ajax/libs/babel-standalone/7.23.9/babel.min.js:0:2644)
    at dO (https://cdnjs.cloudflare.com/ajax/libs/babel-standalone/7.23.9/babel.min.js:0:964998)
    at sync (https://cdnjs.cloudflare.com/ajax/libs/babel-standalone/7.23.9/babel.min.js:0:962971)
    at stopHiding - secret - don't use this - v1 (https://cdnjs.cloudflare.com/ajax/libs/babel-standalone/7.23.9/babel.min.js:0:1080428)
    at SU (https://cdnjs.cloudflare.com/ajax/libs/babel-standalone/7.23.9/babel.min.js:0:1142127)
    at qve (https://cdnjs.cloudflare.com/ajax/libs/babel-standalone/7.23.9/babel.min.js:0:2847876)
    at <anonymous> (https://cdnjs.cloudflare.com/ajax/libs/babel-standalone/7.23.9/babel.min.js:0:2843845)
    at Cve (https://cdnjs.cloudflare.com/ajax/libs/babel-standalone/7.23.9/babel.min.js:0:2844171)
    at n (https://cdnjs.cloudflare.com/ajax/libs/babel-standalone/7.23.9/babel.min.js:0:2844432)
    at a (https://cdnjs.cloudflare.com/ajax/libs/babel-standalone/7.23.9/babel.min.js:0:2844795)
    at <anonymous> (https://cdnjs.cloudflare.com/ajax/libs/babel-standalone/7.23.9/babel.min.js:0:2845052)
[    3605ms] [ERROR] Failed to load resource: net::ERR_CONNECTION_REFUSED @ http://127.0.0.1:5001/api/v1/model:0
